I'm sorry, but errors were detected in your script. Please correct the
errors listed below, and try again.


File "game/screens.rpy", line 20: u'zoom' is not a keyword argument or valid child for the imagebutton statement.
    zoom 0.5 pos(284, 389)
        ^

Ren'Py Version: Ren'Py 7.4.11.2266
Fri Jan 28 20:07:31 2022
